2026-05-18 18:05:27,588 | INFO | Device resolved to cuda
2026-05-18 18:06:40,872 | INFO | Device resolved to cuda
2026-05-18 18:07:22,364 | INFO | Device resolved to cuda
2026-05-18 18:07:59,721 | INFO | Preprocessed 14 page(s)
2026-05-18 18:08:06,053 | INFO | Device resolved to cuda
2026-05-18 18:08:06,304 | INFO | Running easyocr on 184-25_1_2_310126_2515629105-1 page 1 mode=raw
2026-05-18 18:08:06,392 | INFO | Running easyocr on 184-25_1_2_310126_2515629105-1 page 1 mode=clean
2026-05-18 18:08:06,421 | INFO | Running easyocr on 184-25_1_2_310126_2515629105-1 page 1 mode=binarized
2026-05-18 18:08:06,606 | INFO | Running easyocr on 184-25_1_2_310126_2515629105-1 page 2 mode=raw
2026-05-18 18:08:06,647 | INFO | Running easyocr on 184-25_1_2_310126_2515629105-1 page 2 mode=clean
2026-05-18 18:08:06,677 | INFO | Running easyocr on 184-25_1_2_310126_2515629105-1 page 2 mode=binarized
2026-05-18 18:08:06,880 | INFO | Running easyocr on 184-25_1_2_310126_2515629105-1 page 3 mode=raw
2026-05-18 18:08:06,922 | INFO | Running easyocr on 184-25_1_2_310126_2515629105-1 page 3 mode=clean
2026-05-18 18:08:06,953 | INFO | Running easyocr on 184-25_1_2_310126_2515629105-1 page 3 mode=binarized
2026-05-18 18:08:07,153 | INFO | Running easyocr on 184-25_1_2_310126_2515629105-1 page 4 mode=raw
2026-05-18 18:08:07,194 | INFO | Running easyocr on 184-25_1_2_310126_2515629105-1 page 4 mode=clean
2026-05-18 18:08:07,223 | INFO | Running easyocr on 184-25_1_2_310126_2515629105-1 page 4 mode=binarized
2026-05-18 18:08:07,437 | INFO | Running easyocr on 184-25_1_2_310126_2515629105-1 page 5 mode=raw
2026-05-18 18:08:07,477 | INFO | Running easyocr on 184-25_1_2_310126_2515629105-1 page 5 mode=clean
2026-05-18 18:08:07,507 | INFO | Running easyocr on 184-25_1_2_310126_2515629105-1 page 5 mode=binarized
2026-05-18 18:08:07,708 | INFO | Running easyocr on 184-25_1_2_310126_2515629105-1 page 6 mode=raw
2026-05-18 18:08:07,752 | INFO | Running easyocr on 184-25_1_2_310126_2515629105-1 page 6 mode=clean
2026-05-18 18:08:07,783 | INFO | Running easyocr on 184-25_1_2_310126_2515629105-1 page 6 mode=binarized
2026-05-18 18:08:07,989 | INFO | Running easyocr on 184-25_1_2_310126_2515629105-1 page 7 mode=raw
2026-05-18 18:08:08,028 | INFO | Running easyocr on 184-25_1_2_310126_2515629105-1 page 7 mode=clean
2026-05-18 18:08:08,057 | INFO | Running easyocr on 184-25_1_2_310126_2515629105-1 page 7 mode=binarized
2026-05-18 18:08:08,280 | INFO | Running easyocr on 184-25_1_2_310126_2515629105-1 page 8 mode=raw
2026-05-18 18:08:08,325 | INFO | Running easyocr on 184-25_1_2_310126_2515629105-1 page 8 mode=clean
2026-05-18 18:08:08,353 | INFO | Running easyocr on 184-25_1_2_310126_2515629105-1 page 8 mode=binarized
2026-05-18 18:08:08,570 | INFO | Running easyocr on 184-25_1_2_310126_2515629105-1 page 9 mode=raw
2026-05-18 18:08:08,610 | INFO | Running easyocr on 184-25_1_2_310126_2515629105-1 page 9 mode=clean
2026-05-18 18:08:08,638 | INFO | Running easyocr on 184-25_1_2_310126_2515629105-1 page 9 mode=binarized
2026-05-18 18:08:08,854 | INFO | Running easyocr on 184-25_1_2_310126_2515629105-1 page 10 mode=raw
2026-05-18 18:08:08,906 | INFO | Running easyocr on 184-25_1_2_310126_2515629105-1 page 10 mode=clean
2026-05-18 18:08:08,933 | INFO | Running easyocr on 184-25_1_2_310126_2515629105-1 page 10 mode=binarized
2026-05-18 18:08:09,139 | INFO | Running easyocr on 184-25_1_2_310126_2515629105-1 page 11 mode=raw
2026-05-18 18:08:09,173 | INFO | Running easyocr on 184-25_1_2_310126_2515629105-1 page 11 mode=clean
2026-05-18 18:08:09,200 | INFO | Running easyocr on 184-25_1_2_310126_2515629105-1 page 11 mode=binarized
2026-05-18 18:08:09,405 | INFO | Running easyocr on 184-25_1_2_310126_2515629105-1 page 12 mode=raw
2026-05-18 18:08:09,444 | INFO | Running easyocr on 184-25_1_2_310126_2515629105-1 page 12 mode=clean
2026-05-18 18:08:09,470 | INFO | Running easyocr on 184-25_1_2_310126_2515629105-1 page 12 mode=binarized
2026-05-18 18:08:09,663 | INFO | Running easyocr on 184-25_1_2_310126_2515629105 page 1 mode=raw
2026-05-18 18:08:09,695 | INFO | Running easyocr on 184-25_1_2_310126_2515629105 page 1 mode=clean
2026-05-18 18:08:09,720 | INFO | Running easyocr on 184-25_1_2_310126_2515629105 page 1 mode=binarized
2026-05-18 18:08:09,886 | INFO | Running easyocr on 184-25_1_2_310126_2515629105 page 2 mode=raw
2026-05-18 18:08:09,919 | INFO | Running easyocr on 184-25_1_2_310126_2515629105 page 2 mode=clean
2026-05-18 18:08:09,944 | INFO | Running easyocr on 184-25_1_2_310126_2515629105 page 2 mode=binarized
2026-05-18 18:08:18,500 | INFO | Device resolved to cuda
2026-05-18 18:08:37,824 | INFO | Device resolved to cuda
2026-05-18 18:12:08,653 | INFO | Device resolved to cuda
2026-05-18 18:12:16,490 | INFO | Running easyocr on 184-25_1_2_310126_2515629105-1 page 1 mode=raw
2026-05-18 18:12:32,719 | INFO | Device resolved to cuda
2026-05-18 18:12:36,758 | INFO | Running easyocr on 184-25_1_2_310126_2515629105-1 page 1 mode=raw
2026-05-18 18:12:39,451 | INFO | Running easyocr on 184-25_1_2_310126_2515629105-1 page 1 mode=clean
2026-05-18 18:12:41,735 | INFO | Running easyocr on 184-25_1_2_310126_2515629105-1 page 1 mode=binarized
2026-05-18 18:12:44,015 | INFO | Running easyocr on 184-25_1_2_310126_2515629105-1 page 2 mode=raw
2026-05-18 18:12:47,095 | INFO | Running easyocr on 184-25_1_2_310126_2515629105-1 page 2 mode=clean
2026-05-18 18:12:49,685 | INFO | Running easyocr on 184-25_1_2_310126_2515629105-1 page 2 mode=binarized
2026-05-18 18:12:52,553 | INFO | Running easyocr on 184-25_1_2_310126_2515629105-1 page 3 mode=raw
2026-05-18 18:12:58,678 | INFO | Running easyocr on 184-25_1_2_310126_2515629105-1 page 3 mode=clean
2026-05-18 18:13:04,838 | INFO | Running easyocr on 184-25_1_2_310126_2515629105-1 page 3 mode=binarized
2026-05-18 18:13:10,627 | INFO | Running easyocr on 184-25_1_2_310126_2515629105-1 page 4 mode=raw
2026-05-18 18:13:13,502 | INFO | Running easyocr on 184-25_1_2_310126_2515629105-1 page 4 mode=clean
2026-05-18 18:13:16,416 | INFO | Running easyocr on 184-25_1_2_310126_2515629105-1 page 4 mode=binarized
2026-05-18 18:13:19,145 | INFO | Running easyocr on 184-25_1_2_310126_2515629105-1 page 5 mode=raw
2026-05-18 18:13:22,805 | INFO | Running easyocr on 184-25_1_2_310126_2515629105-1 page 5 mode=clean
2026-05-18 18:13:26,178 | INFO | Running easyocr on 184-25_1_2_310126_2515629105-1 page 5 mode=binarized
2026-05-18 18:13:29,921 | INFO | Running easyocr on 184-25_1_2_310126_2515629105-1 page 6 mode=raw
2026-05-18 18:13:34,169 | INFO | Running easyocr on 184-25_1_2_310126_2515629105-1 page 6 mode=clean
2026-05-18 18:13:38,702 | INFO | Running easyocr on 184-25_1_2_310126_2515629105-1 page 6 mode=binarized
2026-05-18 18:13:43,259 | INFO | Running easyocr on 184-25_1_2_310126_2515629105-1 page 7 mode=raw
2026-05-18 18:13:45,949 | INFO | Running easyocr on 184-25_1_2_310126_2515629105-1 page 7 mode=clean
2026-05-18 18:13:48,566 | INFO | Running easyocr on 184-25_1_2_310126_2515629105-1 page 7 mode=binarized
2026-05-18 18:13:51,366 | INFO | Running easyocr on 184-25_1_2_310126_2515629105-1 page 8 mode=raw
2026-05-18 18:13:58,469 | INFO | Running easyocr on 184-25_1_2_310126_2515629105-1 page 8 mode=clean
2026-05-18 18:14:04,848 | INFO | Running easyocr on 184-25_1_2_310126_2515629105-1 page 8 mode=binarized
2026-05-18 18:14:11,801 | INFO | Running easyocr on 184-25_1_2_310126_2515629105-1 page 9 mode=raw
2026-05-18 18:14:18,847 | INFO | Running easyocr on 184-25_1_2_310126_2515629105-1 page 9 mode=clean
2026-05-18 18:14:25,777 | INFO | Running easyocr on 184-25_1_2_310126_2515629105-1 page 9 mode=binarized
2026-05-18 18:14:32,557 | INFO | Running easyocr on 184-25_1_2_310126_2515629105-1 page 10 mode=raw
2026-05-18 18:14:39,895 | INFO | Running easyocr on 184-25_1_2_310126_2515629105-1 page 10 mode=clean
2026-05-18 18:14:46,988 | INFO | Running easyocr on 184-25_1_2_310126_2515629105-1 page 10 mode=binarized
2026-05-18 18:14:53,417 | INFO | Running easyocr on 184-25_1_2_310126_2515629105-1 page 11 mode=raw
2026-05-18 18:14:59,389 | INFO | Running easyocr on 184-25_1_2_310126_2515629105-1 page 11 mode=clean
2026-05-18 18:15:04,827 | INFO | Running easyocr on 184-25_1_2_310126_2515629105-1 page 11 mode=binarized
2026-05-18 18:15:11,519 | INFO | Running easyocr on 184-25_1_2_310126_2515629105-1 page 12 mode=raw
2026-05-18 18:15:14,306 | INFO | Running easyocr on 184-25_1_2_310126_2515629105-1 page 12 mode=clean
2026-05-18 18:15:16,525 | INFO | Running easyocr on 184-25_1_2_310126_2515629105-1 page 12 mode=binarized
2026-05-18 18:15:18,856 | INFO | Running easyocr on 184-25_1_2_310126_2515629105 page 1 mode=raw
2026-05-18 18:15:23,159 | INFO | Running easyocr on 184-25_1_2_310126_2515629105 page 1 mode=clean
2026-05-18 18:15:27,372 | INFO | Running easyocr on 184-25_1_2_310126_2515629105 page 1 mode=binarized
2026-05-18 18:15:31,441 | INFO | Running easyocr on 184-25_1_2_310126_2515629105 page 2 mode=raw
2026-05-18 18:15:33,597 | INFO | Running easyocr on 184-25_1_2_310126_2515629105 page 2 mode=clean
2026-05-18 18:15:35,708 | INFO | Running easyocr on 184-25_1_2_310126_2515629105 page 2 mode=binarized
2026-05-18 18:15:43,555 | INFO | Device resolved to cuda
2026-05-18 18:15:45,713 | INFO | Running paddle on 184-25_1_2_310126_2515629105-1 page 1 mode=raw
2026-05-18 18:15:45,822 | INFO | Running paddle on 184-25_1_2_310126_2515629105-1 page 1 mode=clean
2026-05-18 18:15:45,923 | INFO | Running paddle on 184-25_1_2_310126_2515629105-1 page 1 mode=binarized
2026-05-18 18:15:46,201 | INFO | Running paddle on 184-25_1_2_310126_2515629105-1 page 2 mode=raw
2026-05-18 18:15:46,305 | INFO | Running paddle on 184-25_1_2_310126_2515629105-1 page 2 mode=clean
2026-05-18 18:15:46,405 | INFO | Running paddle on 184-25_1_2_310126_2515629105-1 page 2 mode=binarized
2026-05-18 18:15:46,686 | INFO | Running paddle on 184-25_1_2_310126_2515629105-1 page 3 mode=raw
2026-05-18 18:15:46,793 | INFO | Running paddle on 184-25_1_2_310126_2515629105-1 page 3 mode=clean
2026-05-18 18:15:46,913 | INFO | Running paddle on 184-25_1_2_310126_2515629105-1 page 3 mode=binarized
2026-05-18 18:15:47,240 | INFO | Running paddle on 184-25_1_2_310126_2515629105-1 page 4 mode=raw
2026-05-18 18:15:47,389 | INFO | Running paddle on 184-25_1_2_310126_2515629105-1 page 4 mode=clean
2026-05-18 18:15:47,536 | INFO | Running paddle on 184-25_1_2_310126_2515629105-1 page 4 mode=binarized
2026-05-18 18:15:47,854 | INFO | Running paddle on 184-25_1_2_310126_2515629105-1 page 5 mode=raw
2026-05-18 18:15:47,994 | INFO | Running paddle on 184-25_1_2_310126_2515629105-1 page 5 mode=clean
2026-05-18 18:15:48,126 | INFO | Running paddle on 184-25_1_2_310126_2515629105-1 page 5 mode=binarized
2026-05-18 18:15:48,442 | INFO | Running paddle on 184-25_1_2_310126_2515629105-1 page 6 mode=raw
2026-05-18 18:15:48,582 | INFO | Running paddle on 184-25_1_2_310126_2515629105-1 page 6 mode=clean
2026-05-18 18:15:48,719 | INFO | Running paddle on 184-25_1_2_310126_2515629105-1 page 6 mode=binarized
2026-05-18 18:15:49,061 | INFO | Running paddle on 184-25_1_2_310126_2515629105-1 page 7 mode=raw
2026-05-18 18:15:49,199 | INFO | Running paddle on 184-25_1_2_310126_2515629105-1 page 7 mode=clean
2026-05-18 18:15:49,334 | INFO | Running paddle on 184-25_1_2_310126_2515629105-1 page 7 mode=binarized
2026-05-18 18:15:49,669 | INFO | Running paddle on 184-25_1_2_310126_2515629105-1 page 8 mode=raw
2026-05-18 18:15:49,796 | INFO | Running paddle on 184-25_1_2_310126_2515629105-1 page 8 mode=clean
2026-05-18 18:15:49,914 | INFO | Running paddle on 184-25_1_2_310126_2515629105-1 page 8 mode=binarized
2026-05-18 18:15:50,237 | INFO | Running paddle on 184-25_1_2_310126_2515629105-1 page 9 mode=raw
2026-05-18 18:15:50,359 | INFO | Running paddle on 184-25_1_2_310126_2515629105-1 page 9 mode=clean
2026-05-18 18:15:50,477 | INFO | Running paddle on 184-25_1_2_310126_2515629105-1 page 9 mode=binarized
2026-05-18 18:15:50,796 | INFO | Running paddle on 184-25_1_2_310126_2515629105-1 page 10 mode=raw
2026-05-18 18:15:50,921 | INFO | Running paddle on 184-25_1_2_310126_2515629105-1 page 10 mode=clean
2026-05-18 18:15:51,041 | INFO | Running paddle on 184-25_1_2_310126_2515629105-1 page 10 mode=binarized
2026-05-18 18:15:51,355 | INFO | Running paddle on 184-25_1_2_310126_2515629105-1 page 11 mode=raw
2026-05-18 18:15:51,479 | INFO | Running paddle on 184-25_1_2_310126_2515629105-1 page 11 mode=clean
2026-05-18 18:15:51,600 | INFO | Running paddle on 184-25_1_2_310126_2515629105-1 page 11 mode=binarized
2026-05-18 18:15:51,905 | INFO | Running paddle on 184-25_1_2_310126_2515629105-1 page 12 mode=raw
2026-05-18 18:15:52,017 | INFO | Running paddle on 184-25_1_2_310126_2515629105-1 page 12 mode=clean
2026-05-18 18:15:52,117 | INFO | Running paddle on 184-25_1_2_310126_2515629105-1 page 12 mode=binarized
2026-05-18 18:15:52,391 | INFO | Running paddle on 184-25_1_2_310126_2515629105 page 1 mode=raw
2026-05-18 18:15:52,502 | INFO | Running paddle on 184-25_1_2_310126_2515629105 page 1 mode=clean
2026-05-18 18:15:52,600 | INFO | Running paddle on 184-25_1_2_310126_2515629105 page 1 mode=binarized
2026-05-18 18:15:52,838 | INFO | Running paddle on 184-25_1_2_310126_2515629105 page 2 mode=raw
2026-05-18 18:15:52,939 | INFO | Running paddle on 184-25_1_2_310126_2515629105 page 2 mode=clean
2026-05-18 18:15:53,027 | INFO | Running paddle on 184-25_1_2_310126_2515629105 page 2 mode=binarized
2026-05-18 18:17:04,292 | INFO | Device resolved to cuda
2026-05-18 18:17:05,499 | INFO | Running paddle on 184-25_1_2_310126_2515629105-1 page 1 mode=raw
2026-05-18 18:17:05,567 | INFO | Running paddle on 184-25_1_2_310126_2515629105-1 page 1 mode=clean
2026-05-18 18:17:05,623 | INFO | Running paddle on 184-25_1_2_310126_2515629105-1 page 1 mode=binarized
2026-05-18 18:17:05,855 | INFO | Running paddle on 184-25_1_2_310126_2515629105-1 page 2 mode=raw
2026-05-18 18:17:05,921 | INFO | Running paddle on 184-25_1_2_310126_2515629105-1 page 2 mode=clean
2026-05-18 18:17:05,978 | INFO | Running paddle on 184-25_1_2_310126_2515629105-1 page 2 mode=binarized
2026-05-18 18:17:06,230 | INFO | Running paddle on 184-25_1_2_310126_2515629105-1 page 3 mode=raw
2026-05-18 18:17:06,293 | INFO | Running paddle on 184-25_1_2_310126_2515629105-1 page 3 mode=clean
2026-05-18 18:17:06,346 | INFO | Running paddle on 184-25_1_2_310126_2515629105-1 page 3 mode=binarized
2026-05-18 18:17:06,549 | INFO | Running paddle on 184-25_1_2_310126_2515629105-1 page 4 mode=raw
2026-05-18 18:17:06,612 | INFO | Running paddle on 184-25_1_2_310126_2515629105-1 page 4 mode=clean
2026-05-18 18:17:06,668 | INFO | Running paddle on 184-25_1_2_310126_2515629105-1 page 4 mode=binarized
2026-05-18 18:17:06,871 | INFO | Running paddle on 184-25_1_2_310126_2515629105-1 page 5 mode=raw
2026-05-18 18:17:06,936 | INFO | Running paddle on 184-25_1_2_310126_2515629105-1 page 5 mode=clean
2026-05-18 18:17:06,988 | INFO | Running paddle on 184-25_1_2_310126_2515629105-1 page 5 mode=binarized
2026-05-18 18:17:07,187 | INFO | Running paddle on 184-25_1_2_310126_2515629105-1 page 6 mode=raw
2026-05-18 18:17:07,248 | INFO | Running paddle on 184-25_1_2_310126_2515629105-1 page 6 mode=clean
2026-05-18 18:17:07,299 | INFO | Running paddle on 184-25_1_2_310126_2515629105-1 page 6 mode=binarized
2026-05-18 18:17:07,507 | INFO | Running paddle on 184-25_1_2_310126_2515629105-1 page 7 mode=raw
2026-05-18 18:17:07,572 | INFO | Running paddle on 184-25_1_2_310126_2515629105-1 page 7 mode=clean
2026-05-18 18:17:07,626 | INFO | Running paddle on 184-25_1_2_310126_2515629105-1 page 7 mode=binarized
2026-05-18 18:17:07,858 | INFO | Running paddle on 184-25_1_2_310126_2515629105-1 page 8 mode=raw
2026-05-18 18:17:07,921 | INFO | Running paddle on 184-25_1_2_310126_2515629105-1 page 8 mode=clean
2026-05-18 18:17:07,972 | INFO | Running paddle on 184-25_1_2_310126_2515629105-1 page 8 mode=binarized
2026-05-18 18:17:08,193 | INFO | Running paddle on 184-25_1_2_310126_2515629105-1 page 9 mode=raw
2026-05-18 18:17:08,253 | INFO | Running paddle on 184-25_1_2_310126_2515629105-1 page 9 mode=clean
2026-05-18 18:17:08,304 | INFO | Running paddle on 184-25_1_2_310126_2515629105-1 page 9 mode=binarized
2026-05-18 18:17:08,522 | INFO | Running paddle on 184-25_1_2_310126_2515629105-1 page 10 mode=raw
2026-05-18 18:17:08,583 | INFO | Running paddle on 184-25_1_2_310126_2515629105-1 page 10 mode=clean
2026-05-18 18:17:08,634 | INFO | Running paddle on 184-25_1_2_310126_2515629105-1 page 10 mode=binarized
2026-05-18 18:17:08,842 | INFO | Running paddle on 184-25_1_2_310126_2515629105-1 page 11 mode=raw
2026-05-18 18:17:08,902 | INFO | Running paddle on 184-25_1_2_310126_2515629105-1 page 11 mode=clean
2026-05-18 18:17:08,954 | INFO | Running paddle on 184-25_1_2_310126_2515629105-1 page 11 mode=binarized
2026-05-18 18:17:09,159 | INFO | Running paddle on 184-25_1_2_310126_2515629105-1 page 12 mode=raw
2026-05-18 18:17:09,221 | INFO | Running paddle on 184-25_1_2_310126_2515629105-1 page 12 mode=clean
2026-05-18 18:17:09,271 | INFO | Running paddle on 184-25_1_2_310126_2515629105-1 page 12 mode=binarized
2026-05-18 18:17:09,475 | INFO | Running paddle on 184-25_1_2_310126_2515629105 page 1 mode=raw
2026-05-18 18:17:09,536 | INFO | Running paddle on 184-25_1_2_310126_2515629105 page 1 mode=clean
2026-05-18 18:17:09,590 | INFO | Running paddle on 184-25_1_2_310126_2515629105 page 1 mode=binarized
2026-05-18 18:17:09,787 | INFO | Running paddle on 184-25_1_2_310126_2515629105 page 2 mode=raw
2026-05-18 18:17:09,848 | INFO | Running paddle on 184-25_1_2_310126_2515629105 page 2 mode=clean
2026-05-18 18:17:09,903 | INFO | Running paddle on 184-25_1_2_310126_2515629105 page 2 mode=binarized
2026-05-18 18:19:04,993 | INFO | Device resolved to cuda
2026-05-18 18:19:21,535 | INFO | Device resolved to cuda
2026-05-18 18:19:35,775 | INFO | Device resolved to cuda
2026-05-18 18:19:47,297 | INFO | Device resolved to cuda
2026-05-18 18:19:47,492 | INFO | Running surya on 184-25_1_2_310126_2515629105-1 page 1 mode=raw
2026-05-18 18:19:47,553 | INFO | Running surya on 184-25_1_2_310126_2515629105-1 page 1 mode=clean
2026-05-18 18:19:47,585 | INFO | Running surya on 184-25_1_2_310126_2515629105-1 page 1 mode=binarized
2026-05-18 18:19:47,751 | INFO | Running surya on 184-25_1_2_310126_2515629105-1 page 2 mode=raw
2026-05-18 18:19:47,796 | INFO | Running surya on 184-25_1_2_310126_2515629105-1 page 2 mode=clean
2026-05-18 18:19:47,828 | INFO | Running surya on 184-25_1_2_310126_2515629105-1 page 2 mode=binarized
2026-05-18 18:19:48,010 | INFO | Running surya on 184-25_1_2_310126_2515629105-1 page 3 mode=raw
2026-05-18 18:19:48,054 | INFO | Running surya on 184-25_1_2_310126_2515629105-1 page 3 mode=clean
2026-05-18 18:19:48,086 | INFO | Running surya on 184-25_1_2_310126_2515629105-1 page 3 mode=binarized
2026-05-18 18:19:48,264 | INFO | Running surya on 184-25_1_2_310126_2515629105-1 page 4 mode=raw
2026-05-18 18:19:48,309 | INFO | Running surya on 184-25_1_2_310126_2515629105-1 page 4 mode=clean
2026-05-18 18:19:48,341 | INFO | Running surya on 184-25_1_2_310126_2515629105-1 page 4 mode=binarized
2026-05-18 18:19:48,527 | INFO | Running surya on 184-25_1_2_310126_2515629105-1 page 5 mode=raw
2026-05-18 18:19:48,572 | INFO | Running surya on 184-25_1_2_310126_2515629105-1 page 5 mode=clean
2026-05-18 18:19:48,604 | INFO | Running surya on 184-25_1_2_310126_2515629105-1 page 5 mode=binarized
2026-05-18 18:19:48,783 | INFO | Running surya on 184-25_1_2_310126_2515629105-1 page 6 mode=raw
2026-05-18 18:19:48,827 | INFO | Running surya on 184-25_1_2_310126_2515629105-1 page 6 mode=clean
2026-05-18 18:19:48,861 | INFO | Running surya on 184-25_1_2_310126_2515629105-1 page 6 mode=binarized
2026-05-18 18:19:49,045 | INFO | Running surya on 184-25_1_2_310126_2515629105-1 page 7 mode=raw
2026-05-18 18:19:49,089 | INFO | Running surya on 184-25_1_2_310126_2515629105-1 page 7 mode=clean
2026-05-18 18:19:49,120 | INFO | Running surya on 184-25_1_2_310126_2515629105-1 page 7 mode=binarized
2026-05-18 18:19:49,314 | INFO | Running surya on 184-25_1_2_310126_2515629105-1 page 8 mode=raw
2026-05-18 18:19:49,357 | INFO | Running surya on 184-25_1_2_310126_2515629105-1 page 8 mode=clean
2026-05-18 18:19:49,390 | INFO | Running surya on 184-25_1_2_310126_2515629105-1 page 8 mode=binarized
2026-05-18 18:19:49,577 | INFO | Running surya on 184-25_1_2_310126_2515629105-1 page 9 mode=raw
2026-05-18 18:19:49,619 | INFO | Running surya on 184-25_1_2_310126_2515629105-1 page 9 mode=clean
2026-05-18 18:19:49,649 | INFO | Running surya on 184-25_1_2_310126_2515629105-1 page 9 mode=binarized
2026-05-18 18:19:49,834 | INFO | Running surya on 184-25_1_2_310126_2515629105-1 page 10 mode=raw
2026-05-18 18:19:49,883 | INFO | Running surya on 184-25_1_2_310126_2515629105-1 page 10 mode=clean
2026-05-18 18:19:49,914 | INFO | Running surya on 184-25_1_2_310126_2515629105-1 page 10 mode=binarized
2026-05-18 18:19:50,092 | INFO | Running surya on 184-25_1_2_310126_2515629105-1 page 11 mode=raw
2026-05-18 18:19:50,133 | INFO | Running surya on 184-25_1_2_310126_2515629105-1 page 11 mode=clean
2026-05-18 18:19:50,163 | INFO | Running surya on 184-25_1_2_310126_2515629105-1 page 11 mode=binarized
2026-05-18 18:19:50,339 | INFO | Running surya on 184-25_1_2_310126_2515629105-1 page 12 mode=raw
2026-05-18 18:19:50,383 | INFO | Running surya on 184-25_1_2_310126_2515629105-1 page 12 mode=clean
2026-05-18 18:19:50,413 | INFO | Running surya on 184-25_1_2_310126_2515629105-1 page 12 mode=binarized
2026-05-18 18:19:50,589 | INFO | Running surya on 184-25_1_2_310126_2515629105 page 1 mode=raw
2026-05-18 18:19:50,628 | INFO | Running surya on 184-25_1_2_310126_2515629105 page 1 mode=clean
2026-05-18 18:19:50,658 | INFO | Running surya on 184-25_1_2_310126_2515629105 page 1 mode=binarized
2026-05-18 18:19:50,828 | INFO | Running surya on 184-25_1_2_310126_2515629105 page 2 mode=raw
2026-05-18 18:19:50,876 | INFO | Running surya on 184-25_1_2_310126_2515629105 page 2 mode=clean
2026-05-18 18:19:50,916 | INFO | Running surya on 184-25_1_2_310126_2515629105 page 2 mode=binarized
2026-05-18 18:21:13,076 | INFO | Device resolved to cuda
2026-05-18 18:21:39,348 | INFO | Running surya on 184-25_1_2_310126_2515629105-1 page 1 mode=raw
2026-05-18 18:21:39,744 | INFO | Running surya on 184-25_1_2_310126_2515629105-1 page 1 mode=clean
2026-05-18 18:21:40,084 | INFO | Running surya on 184-25_1_2_310126_2515629105-1 page 1 mode=binarized
2026-05-18 18:21:40,577 | INFO | Running surya on 184-25_1_2_310126_2515629105-1 page 2 mode=raw
2026-05-18 18:21:40,970 | INFO | Running surya on 184-25_1_2_310126_2515629105-1 page 2 mode=clean
2026-05-18 18:21:41,321 | INFO | Running surya on 184-25_1_2_310126_2515629105-1 page 2 mode=binarized
2026-05-18 18:21:41,844 | INFO | Running surya on 184-25_1_2_310126_2515629105-1 page 3 mode=raw
2026-05-18 18:21:42,333 | INFO | Running surya on 184-25_1_2_310126_2515629105-1 page 3 mode=clean
2026-05-18 18:21:42,674 | INFO | Running surya on 184-25_1_2_310126_2515629105-1 page 3 mode=binarized
2026-05-18 18:21:43,163 | INFO | Running surya on 184-25_1_2_310126_2515629105-1 page 4 mode=raw
2026-05-18 18:21:43,542 | INFO | Running surya on 184-25_1_2_310126_2515629105-1 page 4 mode=clean
2026-05-18 18:21:43,854 | INFO | Running surya on 184-25_1_2_310126_2515629105-1 page 4 mode=binarized
2026-05-18 18:21:44,282 | INFO | Running surya on 184-25_1_2_310126_2515629105-1 page 5 mode=raw
2026-05-18 18:21:44,625 | INFO | Running surya on 184-25_1_2_310126_2515629105-1 page 5 mode=clean
2026-05-18 18:21:44,931 | INFO | Running surya on 184-25_1_2_310126_2515629105-1 page 5 mode=binarized
2026-05-18 18:21:45,362 | INFO | Running surya on 184-25_1_2_310126_2515629105-1 page 6 mode=raw
2026-05-18 18:21:45,705 | INFO | Running surya on 184-25_1_2_310126_2515629105-1 page 6 mode=clean
2026-05-18 18:21:46,013 | INFO | Running surya on 184-25_1_2_310126_2515629105-1 page 6 mode=binarized
2026-05-18 18:21:46,445 | INFO | Running surya on 184-25_1_2_310126_2515629105-1 page 7 mode=raw
2026-05-18 18:21:46,793 | INFO | Running surya on 184-25_1_2_310126_2515629105-1 page 7 mode=clean
2026-05-18 18:21:47,097 | INFO | Running surya on 184-25_1_2_310126_2515629105-1 page 7 mode=binarized
2026-05-18 18:21:47,544 | INFO | Running surya on 184-25_1_2_310126_2515629105-1 page 8 mode=raw
2026-05-18 18:21:47,902 | INFO | Running surya on 184-25_1_2_310126_2515629105-1 page 8 mode=clean
2026-05-18 18:21:48,208 | INFO | Running surya on 184-25_1_2_310126_2515629105-1 page 8 mode=binarized
2026-05-18 18:21:48,657 | INFO | Running surya on 184-25_1_2_310126_2515629105-1 page 9 mode=raw
2026-05-18 18:21:49,018 | INFO | Running surya on 184-25_1_2_310126_2515629105-1 page 9 mode=clean
2026-05-18 18:21:49,323 | INFO | Running surya on 184-25_1_2_310126_2515629105-1 page 9 mode=binarized
2026-05-18 18:21:49,766 | INFO | Running surya on 184-25_1_2_310126_2515629105-1 page 10 mode=raw
2026-05-18 18:21:50,127 | INFO | Running surya on 184-25_1_2_310126_2515629105-1 page 10 mode=clean
2026-05-18 18:21:50,430 | INFO | Running surya on 184-25_1_2_310126_2515629105-1 page 10 mode=binarized
2026-05-18 18:21:50,866 | INFO | Running surya on 184-25_1_2_310126_2515629105-1 page 11 mode=raw
2026-05-18 18:21:51,209 | INFO | Running surya on 184-25_1_2_310126_2515629105-1 page 11 mode=clean
2026-05-18 18:21:51,508 | INFO | Running surya on 184-25_1_2_310126_2515629105-1 page 11 mode=binarized
2026-05-18 18:21:51,945 | INFO | Running surya on 184-25_1_2_310126_2515629105-1 page 12 mode=raw
2026-05-18 18:21:52,296 | INFO | Running surya on 184-25_1_2_310126_2515629105-1 page 12 mode=clean
2026-05-18 18:21:52,600 | INFO | Running surya on 184-25_1_2_310126_2515629105-1 page 12 mode=binarized
2026-05-18 18:21:53,092 | INFO | Running surya on 184-25_1_2_310126_2515629105 page 1 mode=raw
2026-05-18 18:21:53,434 | INFO | Running surya on 184-25_1_2_310126_2515629105 page 1 mode=clean
2026-05-18 18:21:53,737 | INFO | Running surya on 184-25_1_2_310126_2515629105 page 1 mode=binarized
2026-05-18 18:21:54,164 | INFO | Running surya on 184-25_1_2_310126_2515629105 page 2 mode=raw
2026-05-18 18:21:54,493 | INFO | Running surya on 184-25_1_2_310126_2515629105 page 2 mode=clean
2026-05-18 18:21:54,791 | INFO | Running surya on 184-25_1_2_310126_2515629105 page 2 mode=binarized
2026-05-18 18:22:09,490 | INFO | Device resolved to cuda
2026-05-18 18:22:13,169 | INFO | Running docling on 184-25_1_2_310126_2515629105-1 page 1 mode=raw
2026-05-18 18:22:22,705 | INFO | Running docling on 184-25_1_2_310126_2515629105-1 page 1 mode=clean
2026-05-18 18:22:24,610 | INFO | Running docling on 184-25_1_2_310126_2515629105-1 page 1 mode=binarized
2026-05-18 18:22:26,492 | INFO | Running docling on 184-25_1_2_310126_2515629105-1 page 2 mode=raw
2026-05-18 18:22:28,440 | INFO | Running docling on 184-25_1_2_310126_2515629105-1 page 2 mode=clean
2026-05-18 18:22:30,119 | INFO | Running docling on 184-25_1_2_310126_2515629105-1 page 2 mode=binarized
2026-05-18 18:22:32,090 | INFO | Running docling on 184-25_1_2_310126_2515629105-1 page 3 mode=raw
2026-05-18 18:22:33,841 | INFO | Running docling on 184-25_1_2_310126_2515629105-1 page 3 mode=clean
2026-05-18 18:22:35,692 | INFO | Running docling on 184-25_1_2_310126_2515629105-1 page 3 mode=binarized
2026-05-18 18:22:37,562 | INFO | Running docling on 184-25_1_2_310126_2515629105-1 page 4 mode=raw
2026-05-18 18:22:39,508 | INFO | Running docling on 184-25_1_2_310126_2515629105-1 page 4 mode=clean
2026-05-18 18:22:41,164 | INFO | Running docling on 184-25_1_2_310126_2515629105-1 page 4 mode=binarized
2026-05-18 18:22:43,160 | INFO | Running docling on 184-25_1_2_310126_2515629105-1 page 5 mode=raw
2026-05-18 18:22:45,099 | INFO | Running docling on 184-25_1_2_310126_2515629105-1 page 5 mode=clean
2026-05-18 18:22:46,907 | INFO | Running docling on 184-25_1_2_310126_2515629105-1 page 5 mode=binarized
2026-05-18 18:22:48,929 | INFO | Running docling on 184-25_1_2_310126_2515629105-1 page 6 mode=raw
2026-05-18 18:22:50,877 | INFO | Running docling on 184-25_1_2_310126_2515629105-1 page 6 mode=clean
2026-05-18 18:22:52,576 | INFO | Running docling on 184-25_1_2_310126_2515629105-1 page 6 mode=binarized
2026-05-18 18:22:54,341 | INFO | Running docling on 184-25_1_2_310126_2515629105-1 page 7 mode=raw
2026-05-18 18:22:55,963 | INFO | Running docling on 184-25_1_2_310126_2515629105-1 page 7 mode=clean
2026-05-18 18:22:57,761 | INFO | Running docling on 184-25_1_2_310126_2515629105-1 page 7 mode=binarized
2026-05-18 18:22:59,565 | INFO | Running docling on 184-25_1_2_310126_2515629105-1 page 8 mode=raw
2026-05-18 18:23:01,509 | INFO | Running docling on 184-25_1_2_310126_2515629105-1 page 8 mode=clean
2026-05-18 18:23:03,397 | INFO | Running docling on 184-25_1_2_310126_2515629105-1 page 8 mode=binarized
2026-05-18 18:23:05,468 | INFO | Running docling on 184-25_1_2_310126_2515629105-1 page 9 mode=raw
2026-05-18 18:23:07,235 | INFO | Running docling on 184-25_1_2_310126_2515629105-1 page 9 mode=clean
2026-05-18 18:23:09,085 | INFO | Running docling on 184-25_1_2_310126_2515629105-1 page 9 mode=binarized
2026-05-18 18:23:10,716 | INFO | Running docling on 184-25_1_2_310126_2515629105-1 page 10 mode=raw
2026-05-18 18:23:12,662 | INFO | Running docling on 184-25_1_2_310126_2515629105-1 page 10 mode=clean
2026-05-18 18:23:14,365 | INFO | Running docling on 184-25_1_2_310126_2515629105-1 page 10 mode=binarized
2026-05-18 18:23:16,401 | INFO | Running docling on 184-25_1_2_310126_2515629105-1 page 11 mode=raw
2026-05-18 18:23:18,193 | INFO | Running docling on 184-25_1_2_310126_2515629105-1 page 11 mode=clean
2026-05-18 18:23:20,098 | INFO | Running docling on 184-25_1_2_310126_2515629105-1 page 11 mode=binarized
2026-05-18 18:23:22,107 | INFO | Running docling on 184-25_1_2_310126_2515629105-1 page 12 mode=raw
2026-05-18 18:23:24,069 | INFO | Running docling on 184-25_1_2_310126_2515629105-1 page 12 mode=clean
2026-05-18 18:23:25,768 | INFO | Running docling on 184-25_1_2_310126_2515629105-1 page 12 mode=binarized
2026-05-18 18:23:27,821 | INFO | Running docling on 184-25_1_2_310126_2515629105 page 1 mode=raw
2026-05-18 18:23:30,016 | INFO | Running docling on 184-25_1_2_310126_2515629105 page 1 mode=clean
2026-05-18 18:23:32,133 | INFO | Running docling on 184-25_1_2_310126_2515629105 page 1 mode=binarized
2026-05-18 18:23:34,503 | INFO | Running docling on 184-25_1_2_310126_2515629105 page 2 mode=raw
2026-05-18 18:23:36,678 | INFO | Running docling on 184-25_1_2_310126_2515629105 page 2 mode=clean
2026-05-18 18:23:38,829 | INFO | Running docling on 184-25_1_2_310126_2515629105 page 2 mode=binarized
2026-05-18 18:23:52,707 | INFO | Device resolved to cuda
2026-05-18 18:24:58,531 | INFO | Running paddle on 184-25_1_2_310126_2515629105-1 page 1 mode=raw
2026-05-18 18:24:58,661 | INFO | Running paddle on 184-25_1_2_310126_2515629105-1 page 1 mode=clean
2026-05-18 18:24:58,740 | INFO | Running paddle on 184-25_1_2_310126_2515629105-1 page 1 mode=binarized
2026-05-18 18:24:58,983 | INFO | Running paddle on 184-25_1_2_310126_2515629105-1 page 2 mode=raw
2026-05-18 18:24:59,066 | INFO | Running paddle on 184-25_1_2_310126_2515629105-1 page 2 mode=clean
2026-05-18 18:24:59,150 | INFO | Running paddle on 184-25_1_2_310126_2515629105-1 page 2 mode=binarized
2026-05-18 18:24:59,401 | INFO | Running paddle on 184-25_1_2_310126_2515629105-1 page 3 mode=raw
2026-05-18 18:24:59,474 | INFO | Running paddle on 184-25_1_2_310126_2515629105-1 page 3 mode=clean
2026-05-18 18:24:59,544 | INFO | Running paddle on 184-25_1_2_310126_2515629105-1 page 3 mode=binarized
2026-05-18 18:24:59,773 | INFO | Running paddle on 184-25_1_2_310126_2515629105-1 page 4 mode=raw
2026-05-18 18:24:59,858 | INFO | Running paddle on 184-25_1_2_310126_2515629105-1 page 4 mode=clean
2026-05-18 18:24:59,938 | INFO | Running paddle on 184-25_1_2_310126_2515629105-1 page 4 mode=binarized
2026-05-18 18:25:00,176 | INFO | Running paddle on 184-25_1_2_310126_2515629105-1 page 5 mode=raw
2026-05-18 18:25:00,264 | INFO | Running paddle on 184-25_1_2_310126_2515629105-1 page 5 mode=clean
2026-05-18 18:25:00,341 | INFO | Running paddle on 184-25_1_2_310126_2515629105-1 page 5 mode=binarized
2026-05-18 18:25:00,560 | INFO | Running paddle on 184-25_1_2_310126_2515629105-1 page 6 mode=raw
2026-05-18 18:25:00,636 | INFO | Running paddle on 184-25_1_2_310126_2515629105-1 page 6 mode=clean
2026-05-18 18:25:00,702 | INFO | Running paddle on 184-25_1_2_310126_2515629105-1 page 6 mode=binarized
2026-05-18 18:25:00,934 | INFO | Running paddle on 184-25_1_2_310126_2515629105-1 page 7 mode=raw
2026-05-18 18:25:01,006 | INFO | Running paddle on 184-25_1_2_310126_2515629105-1 page 7 mode=clean
2026-05-18 18:25:01,068 | INFO | Running paddle on 184-25_1_2_310126_2515629105-1 page 7 mode=binarized
2026-05-18 18:25:01,306 | INFO | Running paddle on 184-25_1_2_310126_2515629105-1 page 8 mode=raw
2026-05-18 18:25:01,380 | INFO | Running paddle on 184-25_1_2_310126_2515629105-1 page 8 mode=clean
2026-05-18 18:25:01,443 | INFO | Running paddle on 184-25_1_2_310126_2515629105-1 page 8 mode=binarized
2026-05-18 18:25:01,688 | INFO | Running paddle on 184-25_1_2_310126_2515629105-1 page 9 mode=raw
2026-05-18 18:25:01,762 | INFO | Running paddle on 184-25_1_2_310126_2515629105-1 page 9 mode=clean
2026-05-18 18:25:01,831 | INFO | Running paddle on 184-25_1_2_310126_2515629105-1 page 9 mode=binarized
2026-05-18 18:25:02,066 | INFO | Running paddle on 184-25_1_2_310126_2515629105-1 page 10 mode=raw
2026-05-18 18:25:02,140 | INFO | Running paddle on 184-25_1_2_310126_2515629105-1 page 10 mode=clean
2026-05-18 18:25:02,204 | INFO | Running paddle on 184-25_1_2_310126_2515629105-1 page 10 mode=binarized
2026-05-18 18:25:02,432 | INFO | Running paddle on 184-25_1_2_310126_2515629105-1 page 11 mode=raw
2026-05-18 18:25:02,503 | INFO | Running paddle on 184-25_1_2_310126_2515629105-1 page 11 mode=clean
2026-05-18 18:25:02,567 | INFO | Running paddle on 184-25_1_2_310126_2515629105-1 page 11 mode=binarized
2026-05-18 18:25:02,795 | INFO | Running paddle on 184-25_1_2_310126_2515629105-1 page 12 mode=raw
2026-05-18 18:25:02,868 | INFO | Running paddle on 184-25_1_2_310126_2515629105-1 page 12 mode=clean
2026-05-18 18:25:02,931 | INFO | Running paddle on 184-25_1_2_310126_2515629105-1 page 12 mode=binarized
2026-05-18 18:25:03,160 | INFO | Running paddle on 184-25_1_2_310126_2515629105 page 1 mode=raw
2026-05-18 18:25:03,230 | INFO | Running paddle on 184-25_1_2_310126_2515629105 page 1 mode=clean
2026-05-18 18:25:03,293 | INFO | Running paddle on 184-25_1_2_310126_2515629105 page 1 mode=binarized
2026-05-18 18:25:03,505 | INFO | Running paddle on 184-25_1_2_310126_2515629105 page 2 mode=raw
2026-05-18 18:25:03,575 | INFO | Running paddle on 184-25_1_2_310126_2515629105 page 2 mode=clean
2026-05-18 18:25:03,640 | INFO | Running paddle on 184-25_1_2_310126_2515629105 page 2 mode=binarized
2026-05-18 18:25:36,293 | INFO | Device resolved to cuda
2026-05-18 18:26:01,595 | INFO | Device resolved to cuda
2026-05-18 18:26:39,105 | INFO | Device resolved to cuda
2026-05-18 18:27:32,556 | INFO | Device resolved to cuda
